******************************************************************************
                  MSP430 Linker PC v4.1.2                      
******************************************************************************
>> Linked Fri May 17 14:45:25 2013

OUTPUT FILE NAME:   <uart.out>
ENTRY POINT SYMBOL: "_c_int00"  address: 00005c5c


MEMORY CONFIGURATION

         name            origin    length      used     unused   attr    fill
----------------------  --------  ---------  --------  --------  ----  --------
  SFR                   00000000   00000010  00000000  00000010  RWIX
  PERIPHERALS_8BIT      00000010   000000f0  00000000  000000f0  RWIX
  PERIPHERALS_16BIT     00000100   00000100  00000000  00000100  RWIX
  INFOD                 00001800   00000080  00000000  00000080  RWIX
  INFOC                 00001880   00000080  00000000  00000080  RWIX
  INFOB                 00001900   00000080  00000000  00000080  RWIX
  INFOA                 00001980   00000080  00000000  00000080  RWIX
  RAM                   00001c00   00004000  000004ae  00003b52  RWIX
  FLASH                 00005c00   0000a380  00005b5c  00004824  RWIX
  INT00                 0000ff80   00000002  00000000  00000002  RWIX
  INT01                 0000ff82   00000002  00000000  00000002  RWIX
  INT02                 0000ff84   00000002  00000000  00000002  RWIX
  INT03                 0000ff86   00000002  00000000  00000002  RWIX
  INT04                 0000ff88   00000002  00000000  00000002  RWIX
  INT05                 0000ff8a   00000002  00000000  00000002  RWIX
  INT06                 0000ff8c   00000002  00000000  00000002  RWIX
  INT07                 0000ff8e   00000002  00000000  00000002  RWIX
  INT08                 0000ff90   00000002  00000000  00000002  RWIX
  INT09                 0000ff92   00000002  00000000  00000002  RWIX
  INT10                 0000ff94   00000002  00000000  00000002  RWIX
  INT11                 0000ff96   00000002  00000000  00000002  RWIX
  INT12                 0000ff98   00000002  00000000  00000002  RWIX
  INT13                 0000ff9a   00000002  00000000  00000002  RWIX
  INT14                 0000ff9c   00000002  00000000  00000002  RWIX
  INT15                 0000ff9e   00000002  00000000  00000002  RWIX
  INT16                 0000ffa0   00000002  00000000  00000002  RWIX
  INT17                 0000ffa2   00000002  00000000  00000002  RWIX
  INT18                 0000ffa4   00000002  00000000  00000002  RWIX
  INT19                 0000ffa6   00000002  00000000  00000002  RWIX
  INT20                 0000ffa8   00000002  00000000  00000002  RWIX
  INT21                 0000ffaa   00000002  00000000  00000002  RWIX
  INT22                 0000ffac   00000002  00000000  00000002  RWIX
  INT23                 0000ffae   00000002  00000000  00000002  RWIX
  INT24                 0000ffb0   00000002  00000000  00000002  RWIX
  INT25                 0000ffb2   00000002  00000000  00000002  RWIX
  INT26                 0000ffb4   00000002  00000000  00000002  RWIX
  INT27                 0000ffb6   00000002  00000000  00000002  RWIX
  INT28                 0000ffb8   00000002  00000000  00000002  RWIX
  INT29                 0000ffba   00000002  00000000  00000002  RWIX
  INT30                 0000ffbc   00000002  00000000  00000002  RWIX
  INT31                 0000ffbe   00000002  00000000  00000002  RWIX
  INT32                 0000ffc0   00000002  00000000  00000002  RWIX
  INT33                 0000ffc2   00000002  00000000  00000002  RWIX
  INT34                 0000ffc4   00000002  00000000  00000002  RWIX
  INT35                 0000ffc6   00000002  00000000  00000002  RWIX
  INT36                 0000ffc8   00000002  00000000  00000002  RWIX
  INT37                 0000ffca   00000002  00000000  00000002  RWIX
  INT38                 0000ffcc   00000002  00000000  00000002  RWIX
  INT39                 0000ffce   00000002  00000000  00000002  RWIX
  INT40                 0000ffd0   00000002  00000000  00000002  RWIX
  INT41                 0000ffd2   00000002  00000000  00000002  RWIX
  INT42                 0000ffd4   00000002  00000000  00000002  RWIX
  INT43                 0000ffd6   00000002  00000000  00000002  RWIX
  INT44                 0000ffd8   00000002  00000002  00000000  RWIX
  INT45                 0000ffda   00000002  00000000  00000002  RWIX
  INT46                 0000ffdc   00000002  00000000  00000002  RWIX
  INT47                 0000ffde   00000002  00000000  00000002  RWIX
  INT48                 0000ffe0   00000002  00000000  00000002  RWIX
  INT49                 0000ffe2   00000002  00000000  00000002  RWIX
  INT50                 0000ffe4   00000002  00000000  00000002  RWIX
  INT51                 0000ffe6   00000002  00000000  00000002  RWIX
  INT52                 0000ffe8   00000002  00000000  00000002  RWIX
  INT53                 0000ffea   00000002  00000000  00000002  RWIX
  INT54                 0000ffec   00000002  00000002  00000000  RWIX
  INT55                 0000ffee   00000002  00000000  00000002  RWIX
  INT56                 0000fff0   00000002  00000000  00000002  RWIX
  INT57                 0000fff2   00000002  00000002  00000000  RWIX
  INT58                 0000fff4   00000002  00000000  00000002  RWIX
  INT59                 0000fff6   00000002  00000000  00000002  RWIX
  INT60                 0000fff8   00000002  00000000  00000002  RWIX
  INT61                 0000fffa   00000002  00000000  00000002  RWIX
  INT62                 0000fffc   00000002  00000000  00000002  RWIX
  RESET                 0000fffe   00000002  00000002  00000000  RWIX
  FLASH2                00010000   00035c00  00000000  00035c00  RWIX


SECTION ALLOCATION MAP

 output                                  attributes/
section   page    origin      length       input sections
--------  ----  ----------  ----------   ----------------
.init_array 
*          0    00005c00    00000000     UNINITIALIZED

.data      0    00001c00    000001b4     
                  00001c00    000000b0     rts430x_lc_sd_eabi.lib : signal.obj (.data:sigtable)
                  00001cb0    00000080                            : xvalues.obj (.data)
                  00001d30    00000068                            : xfvalues.obj (.data)
                  00001d98    00000008     resources.obj (.data)
                  00001da0    00000008     rts430x_lc_sd_eabi.lib : _lock.obj (.data)
                  00001da8    00000008                            : feraiseexcept.obj (.data)
                  00001db0    00000002                            : errno.obj (.data)
                  00001db2    00000002                            : memory.obj (.data)

.TI.persistent 
*          0    00001c00    00000000     UNINITIALIZED

.sysmem    0    00001db4    00000140     UNINITIALIZED
                  00001db4    00000004     rts430x_lc_sd_eabi.lib : memory.obj (.sysmem)
                  00001db8    0000013c     --HOLE--

.bss       0    00001ef4    0000011a     UNINITIALIZED
                  00001ef4    000000f0     resources.obj (.bss)
                  00001fe4    00000024     uart.obj (.bss)
                  00002008    00000006     rts430x_lc_sd_eabi.lib : memory.obj (.bss)

.TI.noinit 
*          0    00001ef4    00000000     UNINITIALIZED

.stack     0    00005b60    000000a0     UNINITIALIZED
                  00005b60    00000002     rts430x_lc_sd_eabi.lib : boot.obj (.stack)
                  00005b62    0000009e     --HOLE--

.text:_isr 
*          0    00005c00    00000080     
                  00005c00    0000003a     resources.obj (.text:_isr:USCI_A0_ISR)
                  00005c3a    00000022     resources.obj (.text:_isr:USCI_A3_ISR)
                  00005c5c    0000001a     rts430x_lc_sd_eabi.lib : boot.obj (.text:_isr:_c_int00_noexit)
                  00005c76    0000000a     resources.obj (.text:_isr:Timer0_A0)

.text      0    00005c80    00005898     
                  00005c80    000008a2     uart.obj (.text:main)
                  00006522    00000698     rts430x_lc_sd_eabi.lib : pow.obj (.text:pow)
                  00006bba    00000448                            : xlog.obj (.text:_Log)
                  00007002    00000444                            : frcdivd.obj (.text:_frcdivd)
                  00007446    0000038e                            : llmath.obj (.text:__mspabi_divull)
                  000077d4    0000038a                            : xexp.obj (.text:_Exp)
                  00007b5e    000002da                            : frcmpyd.obj (.text:_frcmpyd)
                  00007e38    000002d8                            : addd.obj (.text:__mspabi_addd)
                  00008110    000002bc     resources.obj (.text:setupPWM)
                  000083cc    00000260     rts430x_lc_sd_eabi.lib : frcaddd.obj (.text:_frcaddd)
                  0000862c    00000244                            : mpyd.obj (.text:__mspabi_mpyd)
                  00008870    00000218                            : divd.obj (.text:__mspabi_divd)
                  00008a88    0000020c                            : _printfi.obj (.text:ecvt)
                  00008c94    00000206                            : _printfi.obj (.text:_setfield)
                  00008e9a    00000206                            : _printfi.obj (.text:fcvt)
                  000090a0    000001f2                            : _printfi.obj (.text:_pproc_fge)
                  00009292    000001d2                            : _printfi.obj (.text:_printfi)
                  00009464    000001a0                            : xdscale.obj (.text:_Dscale)
                  00009604    000001a0                            : _printfi.obj (.text:_pconv_e)
                  000097a4    00000164                            : _printfi.obj (.text:_getarg_diouxp)
                  00009908    00000134                            : cmpd.obj (.text:__mspabi_cmpd)
                  00009a3c    00000120                            : _printfi.obj (.text:_pproc_diouxp)
                  00009b5c    00000104                            : _printfi.obj (.text:_pconv_g)
                  00009c60    000000fc                            : xdnorm.obj (.text:_Dnorm)
                  00009d5c    000000fa                            : _printfi.obj (.text:_ltostr)
                  00009e56    000000fa                            : _printfi.obj (.text:_pproc_fwp)
                  00009f50    000000d6                            : copy_decompress_rle.obj (.text:__TI_decompress_rle_core)
                  0000a026    000000ca     resources.obj (.text:setupDigitalInput)
                  0000a0f0    000000c6     rts430x_lc_sd_eabi.lib : xdint.obj (.text:_Dint)
                  0000a1b6    000000be     resources.obj (.text:doOfflineTask)
                  0000a274    000000b4     rts430x_lc_sd_eabi.lib : renormd.obj (.text:_renormd)
                  0000a328    000000a6                            : memory.obj (.text:malloc)
                  0000a3ce    000000a0                            : fltlid.obj (.text:__mspabi_fltlid)
                  0000a46e    000000a0                            : _printfi.obj (.text:_pproc_str)
                  0000a50e    00000088                            : _printfi.obj (.text:_mcpy)
                  0000a596    00000086                            : _printfi.obj (.text:_div)
                  0000a61c    00000086     resources.obj (.text:setupOfflineTask)
                  0000a6a2    00000082     rts430x_lc_sd_eabi.lib : fixdul.obj (.text:__mspabi_fixdul)
                  0000a724    00000082                            : _printfi.obj (.text:_ecpy)
                  0000a7a6    00000080                            : fixdli.obj (.text:__mspabi_fixdli)
                  0000a826    0000007c                            : ltoa.obj (.text:ltoa)
                  0000a8a2    0000007a                            : _printfi.obj (.text:_pconv_f)
                  0000a91c    00000076     resources.obj (.text:setDigitalOutput)
                  0000a992    00000074     rts430x_lc_sd_eabi.lib : cvtfd.obj (.text:__mspabi_cvtfd)
                  0000aa06    00000072                            : xdunscal.obj (.text:_Dunscale)
                  0000aa78    0000006e                            : autoinit.obj (.text:_auto_init)
                  0000aae6    0000006e     resources.obj (.text:setupDigitalOutput)
                  0000ab54    00000058     rts430x_lc_sd_eabi.lib : mult64_f5hw.obj (.text:__mpyll)
                  0000abac    00000058                            : div32u.obj (.text)
                  0000ac04    00000056                            : xdtest.obj (.text:_Dtest)
                  0000ac5a    00000054                            : atoi.obj (.text:atoi)
                  0000acae    0000004a     resources.obj (.text:getDigitalInput)
                  0000acf8    00000048     rts430x_lc_sd_eabi.lib : _printfi.obj (.text:_fcpy)
                  0000ad40    00000046     resources.obj (.text:setupAnalogInput)
                  0000ad86    00000044     rts430x_lc_sd_eabi.lib : _printfi.obj (.text:_pproc_fflags)
                  0000adca    00000040                            : cpy_util.obj (.text:__memcpy_far)
                  0000ae0a    00000040                            : div32s.obj (.text)
                  0000ae4a    0000003e                            : llmath.obj (.text:__mspabi_sllll)
                  0000ae88    0000003e                            : llmath.obj (.text:__mspabi_srlll)
                  0000aec6    0000003e     resources.obj (.text:getAnalogInput)
                  0000af04    0000003e     rts430x_lc_sd_eabi.lib : asr32.obj (.text:l_asr_const)
                  0000af42    0000003e                            : lsl32.obj (.text:l_lsl_const)
                  0000af80    0000003e                            : lsr32.obj (.text:l_lsr_const)
                  0000afbe    0000003c                            : copy_decompress_none.obj (.text:decompress:none:__TI_decompress_none)
                  0000affa    0000003c     resources.obj (.text:setPWMDuty)
                  0000b036    00000038     rts430x_lc_sd_eabi.lib : copy_zero_init.obj (.text:decompress:ZI:__TI_zero_init)
                  0000b06e    00000038                            : memory.obj (.text:minit)
                  0000b0a6    00000038                            : sprintf.obj (.text:sprintf)
                  0000b0de    00000038                            : strncpy.obj (.text:strncpy)
                  0000b116    00000036                            : signal.obj (.text:signal)
                  0000b14c    00000032                            : xferaise.obj (.text:_Feraise)
                  0000b17e    00000032                            : subd.obj (.text:__mspabi_subd)
                  0000b1b0    00000032                            : raise.obj (.text:raise)
                  0000b1e2    00000030                            : feraiseexcept.obj (.text:feraiseexcept)
                  0000b212    0000002a                            : negd.obj (.text:__mspabi_negd)
                  0000b23c    0000002a     resources.obj (.text:setupUart9600A3)
                  0000b266    00000028     rts430x_lc_sd_eabi.lib : fixdi.obj (.text:__mspabi_fixdi)
                  0000b28e    00000028                            : memccpy.obj (.text:memccpy)
                  0000b2b6    00000026     resources.obj (.text:sendString)
                  0000b2dc    00000026     resources.obj (.text:txA3)
                  0000b302    00000022     rts430x_lc_sd_eabi.lib : mult32_f5hw.obj (.text)
                  0000b324    00000022     resources.obj (.text:setUart19200bauds)
                  0000b346    0000001e     resources.obj (.text:rxA3)
                  0000b364    0000001c     rts430x_lc_sd_eabi.lib : xdclass.obj (.text:_Dclass)
                  0000b380    0000001c     resources.obj (.text:cleanUart)
                  0000b39c    00000018     rts430x_lc_sd_eabi.lib : sprintf.obj (.text:_outs)
                  0000b3b4    00000016                            : div16u.obj (.text)
                  0000b3ca    00000016                            : mult16_f5hw.obj (.text)
                  0000b3e0    00000014                            : memset.obj (.text:memset)
                  0000b3f4    00000012                            : fixdu.obj (.text:__mspabi_fixdu)
                  0000b406    00000012                            : sprintf.obj (.text:_outc)
                  0000b418    00000012                            : memcpy.obj (.text:memcpy)
                  0000b42a    00000012     resources.obj (.text:setupTimerA0)
                  0000b43c    00000012     rts430x_lc_sd_eabi.lib : strlen.obj (.text:strlen)
                  0000b44e    00000010                            : asr32.obj (.text:l_asr)
                  0000b45e    00000010                            : lsl32.obj (.text:l_lsl)
                  0000b46e    00000010                            : lsr32.obj (.text:l_lsr)
                  0000b47e    0000000e                            : copy_decompress_rle.obj (.text:decompress:rle24:__TI_decompress_rle24)
                  0000b48c    0000000e                            : log.obj (.text:log)
                  0000b49a    0000000c                            : fltid.obj (.text:__mspabi_fltid)
                  0000b4a6    0000000c                            : toupper.obj (.text:toupper)
                  0000b4b2    0000000a                            : abs.obj (.text:abs)
                  0000b4bc    0000000a                            : fs_neg.obj (.text)
                  0000b4c6    0000000a                            : lsl16.obj (.text)
                  0000b4d0    0000000a                            : lsr16.obj (.text)
                  0000b4da    0000000a     resources.obj (.text:setPWMPeriod)
                  0000b4e4    00000008     resources.obj (.text:char2Int)
                  0000b4ec    00000008     resources.obj (.text:initUart)
                  0000b4f4    00000008     resources.obj (.text:stopTimerA0)
                  0000b4fc    00000006     resources.obj (.text:getA3ReceivedSize)
                  0000b502    00000006     resources.obj (.text:getOfflineTask)
                  0000b508    00000006     resources.obj (.text:getOfflineTaskSize)
                  0000b50e    00000004     rts430x_lc_sd_eabi.lib : pre_init.obj (.text:_system_pre_init)
                  0000b512    00000004                            : exit.obj (.text:abort)
                  0000b516    00000002                            : _lock.obj (.text:_nop)

.const     0    0000b518    000001be     
                  0000b518    00000101     rts430x_lc_sd_eabi.lib : ctype.obj (.const:.string:_ctypes_)
                  0000b619    00000001     --HOLE-- [fill = 0]
                  0000b61a    00000038                            : xlog.obj (.const:p)
                  0000b652    00000024                            : _printfi.obj (.const:.string)
                  0000b676    00000020                            : xdint.obj (.const:mask$1)
                  0000b696    00000018                            : xexp.obj (.const:s)
                  0000b6ae    00000010     uart.obj (.const:.string)
                  0000b6be    00000010     rts430x_lc_sd_eabi.lib : xexp.obj (.const:c)
                  0000b6ce    00000008                            : xdint.obj (.const:sub$2)

.cinit     0    0000b6d6    00000086     
                  0000b6d6    00000064     (.cinit..data.load) [load image, compression = rle]
                  0000b73a    0000000c     (__TI_handler_table)
                  0000b746    00000006     (.cinit..bss.load) [load image, compression = zero_init]
                  0000b74c    00000010     (__TI_cinit_table)

USCI_A3    0    0000ffd8    00000002     
                  0000ffd8    00000002     resources.obj (.int44)

TIMER0_A0 
*          0    0000ffec    00000002     
                  0000ffec    00000002     resources.obj (.int54)

USCI_A0    0    0000fff2    00000002     
                  0000fff2    00000002     resources.obj (.int57)

.reset     0    0000fffe    00000002     
                  0000fffe    00000002     rts430x_lc_sd_eabi.lib : boot.obj (.reset)


LINKER GENERATED COPY TABLES

__TI_cinit_table @ 0000b74c records: 2, size/record: 8, table size: 16
	.data: load addr=0000b6d6, load size=00000064 bytes, run addr=00001c00, run size=000001b4 bytes, compression=rle
	.bss: load addr=0000b746, load size=00000006 bytes, run addr=00001ef4, run size=0000011a bytes, compression=zero_init


LINKER GENERATED HANDLER TABLE

__TI_handler_table @ 0000b73a records: 3, size/record: 4, table size: 12
	index: 0, handler: __TI_zero_init
	index: 1, handler: __TI_decompress_rle24
	index: 2, handler: __TI_decompress_none


GLOBAL SYMBOLS: SORTED ALPHABETICALLY BY Name 

address    name
--------   ----
00000700   ADC12CTL0
00000701   ADC12CTL0_H
00000700   ADC12CTL0_L
00000702   ADC12CTL1
00000703   ADC12CTL1_H
00000702   ADC12CTL1_L
00000704   ADC12CTL2
00000705   ADC12CTL2_H
00000704   ADC12CTL2_L
0000070c   ADC12IE
0000070d   ADC12IE_H
0000070c   ADC12IE_L
0000070a   ADC12IFG
0000070b   ADC12IFG_H
0000070a   ADC12IFG_L
0000070e   ADC12IV
0000070f   ADC12IV_H
0000070e   ADC12IV_L
00000710   ADC12MCTL0
00000711   ADC12MCTL1
0000071a   ADC12MCTL10
0000071b   ADC12MCTL11
0000071c   ADC12MCTL12
0000071d   ADC12MCTL13
0000071e   ADC12MCTL14
0000071f   ADC12MCTL15
00000712   ADC12MCTL2
00000713   ADC12MCTL3
00000714   ADC12MCTL4
00000715   ADC12MCTL5
00000716   ADC12MCTL6
00000717   ADC12MCTL7
00000718   ADC12MCTL8
00000719   ADC12MCTL9
00000720   ADC12MEM0
00000721   ADC12MEM0_H
00000720   ADC12MEM0_L
00000722   ADC12MEM1
00000734   ADC12MEM10
00000735   ADC12MEM10_H
00000734   ADC12MEM10_L
00000736   ADC12MEM11
00000737   ADC12MEM11_H
00000736   ADC12MEM11_L
00000738   ADC12MEM12
00000739   ADC12MEM12_H
00000738   ADC12MEM12_L
0000073a   ADC12MEM13
0000073b   ADC12MEM13_H
0000073a   ADC12MEM13_L
0000073c   ADC12MEM14
0000073d   ADC12MEM14_H
0000073c   ADC12MEM14_L
0000073e   ADC12MEM15
0000073f   ADC12MEM15_H
0000073e   ADC12MEM15_L
00000723   ADC12MEM1_H
00000722   ADC12MEM1_L
00000724   ADC12MEM2
00000725   ADC12MEM2_H
00000724   ADC12MEM2_L
00000726   ADC12MEM3
00000727   ADC12MEM3_H
00000726   ADC12MEM3_L
00000728   ADC12MEM4
00000729   ADC12MEM4_H
00000728   ADC12MEM4_L
0000072a   ADC12MEM5
0000072b   ADC12MEM5_H
0000072a   ADC12MEM5_L
0000072c   ADC12MEM6
0000072d   ADC12MEM6_H
0000072c   ADC12MEM6_L
0000072e   ADC12MEM7
0000072f   ADC12MEM7_H
0000072e   ADC12MEM7_L
00000730   ADC12MEM8
00000731   ADC12MEM8_H
00000730   ADC12MEM8_L
00000732   ADC12MEM9
00000733   ADC12MEM9_H
00000732   ADC12MEM9_L
0000b512   C$$EXIT
00000150   CRCDI
00000152   CRCDIRB
00000153   CRCDIRB_H
00000152   CRCDIRB_L
00000151   CRCDI_H
00000150   CRCDI_L
00000154   CRCINIRES
00000155   CRCINIRES_H
00000154   CRCINIRES_L
00000156   CRCRESR
00000157   CRCRESR_H
00000156   CRCRESR_L
00000510   DMA0CTL
00000511   DMA0CTL_H
00000510   DMA0CTL_L
00000516   DMA0DA
00000516   DMA0DAL
00000512   DMA0SA
00000512   DMA0SAL
0000051a   DMA0SZ
00000520   DMA1CTL
00000521   DMA1CTL_H
00000520   DMA1CTL_L
00000526   DMA1DA
00000526   DMA1DAL
00000522   DMA1SA
00000522   DMA1SAL
0000052a   DMA1SZ
00000530   DMA2CTL
00000531   DMA2CTL_H
00000530   DMA2CTL_L
00000536   DMA2DA
00000536   DMA2DAL
00000532   DMA2SA
00000532   DMA2SAL
0000053a   DMA2SZ
00000500   DMACTL0
00000501   DMACTL0_H
00000500   DMACTL0_L
00000502   DMACTL1
00000503   DMACTL1_H
00000502   DMACTL1_L
00000504   DMACTL2
00000505   DMACTL2_H
00000504   DMACTL2_L
00000506   DMACTL3
00000507   DMACTL3_H
00000506   DMACTL3_L
00000508   DMACTL4
00000509   DMACTL4_H
00000508   DMACTL4_L
0000050e   DMAIV
0000050f   DMAIV_H
0000050e   DMAIV_L
00000140   FCTL1
00000141   FCTL1_H
00000140   FCTL1_L
00000144   FCTL3
00000145   FCTL3_H
00000144   FCTL3_L
00000146   FCTL4
00000147   FCTL4_H
00000146   FCTL4_L
000004c4   MAC
000004da   MAC32H
000004db   MAC32H_H
000004da   MAC32H_L
000004d8   MAC32L
000004d9   MAC32L_H
000004d8   MAC32L_L
000004c6   MACS
000004de   MACS32H
000004df   MACS32H_H
000004de   MACS32H_L
000004dc   MACS32L
000004dd   MACS32L_H
000004dc   MACS32L_L
000004c7   MACS_H
000004c6   MACS_L
000004c5   MAC_H
000004c4   MAC_L
000004c0   MPY
000004ec   MPY32CTL0
000004ed   MPY32CTL0_H
000004ec   MPY32CTL0_L
000004d2   MPY32H
000004d3   MPY32H_H
000004d2   MPY32H_L
000004d0   MPY32L
000004d1   MPY32L_H
000004d0   MPY32L_L
000004c2   MPYS
000004d6   MPYS32H
000004d7   MPYS32H_H
000004d6   MPYS32H_L
000004d4   MPYS32L
000004d5   MPYS32L_H
000004d4   MPYS32L_L
000004c3   MPYS_H
000004c2   MPYS_L
000004c1   MPY_H
000004c0   MPY_L
000004c8   OP2
000004e2   OP2H
000004e3   OP2H_H
000004e2   OP2H_L
000004e0   OP2L
000004e1   OP2L_H
000004e0   OP2L_L
000004c9   OP2_H
000004c8   OP2_L
0000020e   P1IV
0000021e   P2IV
00000204   PADIR
00000205   PADIR_H
00000204   PADIR_L
00000208   PADS
00000209   PADS_H
00000208   PADS_L
0000021a   PAIE
00000218   PAIES
00000219   PAIES_H
00000218   PAIES_L
0000021b   PAIE_H
0000021a   PAIE_L
0000021c   PAIFG
0000021d   PAIFG_H
0000021c   PAIFG_L
00000200   PAIN
00000201   PAIN_H
00000200   PAIN_L
00000202   PAOUT
00000203   PAOUT_H
00000202   PAOUT_L
00000206   PAREN
00000207   PAREN_H
00000206   PAREN_L
0000020a   PASEL
0000020b   PASEL_H
0000020a   PASEL_L
00000224   PBDIR
00000225   PBDIR_H
00000224   PBDIR_L
00000228   PBDS
00000229   PBDS_H
00000228   PBDS_L
00000220   PBIN
00000221   PBIN_H
00000220   PBIN_L
00000222   PBOUT
00000223   PBOUT_H
00000222   PBOUT_L
00000226   PBREN
00000227   PBREN_H
00000226   PBREN_L
0000022a   PBSEL
0000022b   PBSEL_H
0000022a   PBSEL_L
00000244   PCDIR
00000245   PCDIR_H
00000244   PCDIR_L
00000248   PCDS
00000249   PCDS_H
00000248   PCDS_L
00000240   PCIN
00000241   PCIN_H
00000240   PCIN_L
00000242   PCOUT
00000243   PCOUT_H
00000242   PCOUT_L
00000246   PCREN
00000247   PCREN_H
00000246   PCREN_L
0000024a   PCSEL
0000024b   PCSEL_H
0000024a   PCSEL_L
00000264   PDDIR
00000265   PDDIR_H
00000264   PDDIR_L
00000268   PDDS
00000269   PDDS_H
00000268   PDDS_L
00000260   PDIN
00000261   PDIN_H
00000260   PDIN_L
00000262   PDOUT
00000263   PDOUT_H
00000262   PDOUT_L
00000266   PDREN
00000267   PDREN_H
00000266   PDREN_L
0000026a   PDSEL
0000026b   PDSEL_H
0000026a   PDSEL_L
00000284   PEDIR
00000285   PEDIR_H
00000284   PEDIR_L
00000288   PEDS
00000289   PEDS_H
00000288   PEDS_L
00000280   PEIN
00000281   PEIN_H
00000280   PEIN_L
00000282   PEOUT
00000283   PEOUT_H
00000282   PEOUT_L
00000286   PEREN
00000287   PEREN_H
00000286   PEREN_L
0000028a   PESEL
0000028b   PESEL_H
0000028a   PESEL_L
000002a4   PFDIR
000002a5   PFDIR_H
000002a4   PFDIR_L
000002a8   PFDS
000002a9   PFDS_H
000002a8   PFDS_L
000002a0   PFIN
000002a1   PFIN_H
000002a0   PFIN_L
000002a2   PFOUT
000002a3   PFOUT_H
000002a2   PFOUT_L
000002a6   PFREN
000002a7   PFREN_H
000002a6   PFREN_L
000002aa   PFSEL
000002ab   PFSEL_H
000002aa   PFSEL_L
00000324   PJDIR
00000325   PJDIR_H
00000324   PJDIR_L
00000328   PJDS
00000329   PJDS_H
00000328   PJDS_L
00000320   PJIN
00000321   PJIN_H
00000320   PJIN_L
00000322   PJOUT
00000323   PJOUT_H
00000322   PJOUT_L
00000326   PJREN
00000327   PJREN_H
00000326   PJREN_L
00000130   PM5CTL0
00000131   PM5CTL0_H
00000130   PM5CTL0_L
00000120   PMMCTL0
00000121   PMMCTL0_H
00000120   PMMCTL0_L
00000122   PMMCTL1
00000123   PMMCTL1_H
00000122   PMMCTL1_L
0000012c   PMMIFG
0000012d   PMMIFG_H
0000012c   PMMIFG_L
0000012e   PMMRIE
0000012f   PMMRIE_H
0000012e   PMMRIE_L
00000158   RCCTL0
00000159   RCCTL0_H
00000158   RCCTL0_L
000001b0   REFCTL0
000001b1   REFCTL0_H
000001b0   REFCTL0_L
000004e4   RES0
000004e5   RES0_H
000004e4   RES0_L
000004e6   RES1
000004e7   RES1_H
000004e6   RES1_L
000004e8   RES2
000004e9   RES2_H
000004e8   RES2_L
000004ea   RES3
000004eb   RES3_H
000004ea   RES3_L
000004cc   RESHI
000004cd   RESHI_H
000004cc   RESHI_L
000004ca   RESLO
000004cb   RESLO_H
000004ca   RESLO_L
000004ba   RTCADOWDAY
000004bb   RTCADOWDAY_H
000004ba   RTCADOWDAY_L
000004b8   RTCAMINHR
000004b9   RTCAMINHR_H
000004b8   RTCAMINHR_L
000004a0   RTCCTL01
000004a1   RTCCTL01_H
000004a0   RTCCTL01_L
000004a2   RTCCTL23
000004a3   RTCCTL23_H
000004a2   RTCCTL23_L
000004b4   RTCDATE
000004b5   RTCDATE_H
000004b4   RTCDATE_L
000004ae   RTCIV
000004ac   RTCPS
000004a8   RTCPS0CTL
000004a9   RTCPS0CTL_H
000004a8   RTCPS0CTL_L
000004aa   RTCPS1CTL
000004ab   RTCPS1CTL_H
000004aa   RTCPS1CTL_L
000004ad   RTCPS_H
000004ac   RTCPS_L
000004b0   RTCTIM0
000004b1   RTCTIM0_H
000004b0   RTCTIM0_L
000004b2   RTCTIM1
000004b3   RTCTIM1_H
000004b2   RTCTIM1_L
000004b6   RTCYEAR
000004b7   RTCYEAR_H
000004b6   RTCYEAR_L
00000100   SFRIE1
00000101   SFRIE1_H
00000100   SFRIE1_L
00000102   SFRIFG1
00000103   SFRIFG1_H
00000102   SFRIFG1_L
00000104   SFRRPCR
00000105   SFRRPCR_H
00000104   SFRRPCR_L
000004ce   SUMEXT
000004cf   SUMEXT_H
000004ce   SUMEXT_L
00000124   SVSMHCTL
00000125   SVSMHCTL_H
00000124   SVSMHCTL_L
00000128   SVSMIO
00000129   SVSMIO_H
00000128   SVSMIO_L
00000126   SVSMLCTL
00000127   SVSMLCTL_H
00000126   SVSMLCTL_L
00000198   SYSBERRIV
00000199   SYSBERRIV_H
00000198   SYSBERRIV_L
00000182   SYSBSLC
00000183   SYSBSLC_H
00000182   SYSBSLC_L
00000180   SYSCTL
00000181   SYSCTL_H
00000180   SYSCTL_L
00000186   SYSJMBC
00000187   SYSJMBC_H
00000186   SYSJMBC_L
00000188   SYSJMBI0
00000189   SYSJMBI0_H
00000188   SYSJMBI0_L
0000018a   SYSJMBI1
0000018b   SYSJMBI1_H
0000018a   SYSJMBI1_L
0000018c   SYSJMBO0
0000018d   SYSJMBO0_H
0000018c   SYSJMBO0_L
0000018e   SYSJMBO1
0000018f   SYSJMBO1_H
0000018e   SYSJMBO1_L
0000019e   SYSRSTIV
0000019f   SYSRSTIV_H
0000019e   SYSRSTIV_L
0000019c   SYSSNIV
0000019d   SYSSNIV_H
0000019c   SYSSNIV_L
0000019a   SYSUNIV
0000019b   SYSUNIV_H
0000019a   SYSUNIV_L
00000352   TA0CCR0
00000354   TA0CCR1
00000356   TA0CCR2
00000358   TA0CCR3
0000035a   TA0CCR4
00000342   TA0CCTL0
00000344   TA0CCTL1
00000346   TA0CCTL2
00000348   TA0CCTL3
0000034a   TA0CCTL4
00000340   TA0CTL
00000360   TA0EX0
0000036e   TA0IV
00000350   TA0R
00000392   TA1CCR0
00000394   TA1CCR1
00000396   TA1CCR2
00000382   TA1CCTL0
00000384   TA1CCTL1
00000386   TA1CCTL2
00000380   TA1CTL
000003a0   TA1EX0
000003ae   TA1IV
00000390   TA1R
000003d2   TB0CCR0
000003d4   TB0CCR1
000003d6   TB0CCR2
000003d8   TB0CCR3
000003da   TB0CCR4
000003dc   TB0CCR5
000003de   TB0CCR6
000003c2   TB0CCTL0
000003c4   TB0CCTL1
000003c6   TB0CCTL2
000003c8   TB0CCTL3
000003ca   TB0CCTL4
000003cc   TB0CCTL5
000003ce   TB0CCTL6
000003c0   TB0CTL
000003e0   TB0EX0
000003ee   TB0IV
000003d0   TB0R
00005c76   Timer0_A0
000005d0   UCA0ABCTL
000005c6   UCA0BRW
000005c7   UCA0BRW_H
000005c6   UCA0BRW_L
000005c0   UCA0CTLW0
000005c1   UCA0CTLW0_H
000005c0   UCA0CTLW0_L
000005dc   UCA0ICTL
000005dd   UCA0ICTL_H
000005dc   UCA0ICTL_L
000005d2   UCA0IRCTL
000005d3   UCA0IRCTL_H
000005d2   UCA0IRCTL_L
000005de   UCA0IV
000005c8   UCA0MCTL
000005cc   UCA0RXBUF
000005ca   UCA0STAT
000005ce   UCA0TXBUF
00000610   UCA1ABCTL
00000606   UCA1BRW
00000607   UCA1BRW_H
00000606   UCA1BRW_L
00000600   UCA1CTLW0
00000601   UCA1CTLW0_H
00000600   UCA1CTLW0_L
0000061c   UCA1ICTL
0000061d   UCA1ICTL_H
0000061c   UCA1ICTL_L
00000612   UCA1IRCTL
00000613   UCA1IRCTL_H
00000612   UCA1IRCTL_L
0000061e   UCA1IV
00000608   UCA1MCTL
0000060c   UCA1RXBUF
0000060a   UCA1STAT
0000060e   UCA1TXBUF
00000650   UCA2ABCTL
00000646   UCA2BRW
00000647   UCA2BRW_H
00000646   UCA2BRW_L
00000640   UCA2CTLW0
00000641   UCA2CTLW0_H
00000640   UCA2CTLW0_L
0000065c   UCA2ICTL
0000065d   UCA2ICTL_H
0000065c   UCA2ICTL_L
00000652   UCA2IRCTL
00000653   UCA2IRCTL_H
00000652   UCA2IRCTL_L
0000065e   UCA2IV
00000648   UCA2MCTL
0000064c   UCA2RXBUF
0000064a   UCA2STAT
0000064e   UCA2TXBUF
00000690   UCA3ABCTL
00000686   UCA3BRW
00000687   UCA3BRW_H
00000686   UCA3BRW_L
00000680   UCA3CTLW0
00000681   UCA3CTLW0_H
00000680   UCA3CTLW0_L
0000069c   UCA3ICTL
0000069d   UCA3ICTL_H
0000069c   UCA3ICTL_L
00000692   UCA3IRCTL
00000693   UCA3IRCTL_H
00000692   UCA3IRCTL_L
0000069e   UCA3IV
00000688   UCA3MCTL
0000068c   UCA3RXBUF
0000068a   UCA3STAT
0000068e   UCA3TXBUF
000005e6   UCB0BRW
000005e7   UCB0BRW_H
000005e6   UCB0BRW_L
000005e0   UCB0CTLW0
000005e1   UCB0CTLW0_H
000005e0   UCB0CTLW0_L
000005f0   UCB0I2COA
000005f1   UCB0I2COA_H
000005f0   UCB0I2COA_L
000005f2   UCB0I2CSA
000005f3   UCB0I2CSA_H
000005f2   UCB0I2CSA_L
000005fc   UCB0ICTL
000005fd   UCB0ICTL_H
000005fc   UCB0ICTL_L
000005fe   UCB0IV
000005ec   UCB0RXBUF
000005ea   UCB0STAT
000005ee   UCB0TXBUF
00000626   UCB1BRW
00000627   UCB1BRW_H
00000626   UCB1BRW_L
00000620   UCB1CTLW0
00000621   UCB1CTLW0_H
00000620   UCB1CTLW0_L
00000630   UCB1I2COA
00000631   UCB1I2COA_H
00000630   UCB1I2COA_L
00000632   UCB1I2CSA
00000633   UCB1I2CSA_H
00000632   UCB1I2CSA_L
0000063c   UCB1ICTL
0000063d   UCB1ICTL_H
0000063c   UCB1ICTL_L
0000063e   UCB1IV
0000062c   UCB1RXBUF
0000062a   UCB1STAT
0000062e   UCB1TXBUF
00000666   UCB2BRW
00000667   UCB2BRW_H
00000666   UCB2BRW_L
00000660   UCB2CTLW0
00000661   UCB2CTLW0_H
00000660   UCB2CTLW0_L
00000670   UCB2I2COA
00000671   UCB2I2COA_H
00000670   UCB2I2COA_L
00000672   UCB2I2CSA
00000673   UCB2I2CSA_H
00000672   UCB2I2CSA_L
0000067c   UCB2ICTL
0000067d   UCB2ICTL_H
0000067c   UCB2ICTL_L
0000067e   UCB2IV
0000066c   UCB2RXBUF
0000066a   UCB2STAT
0000066e   UCB2TXBUF
000006a6   UCB3BRW
000006a7   UCB3BRW_H
000006a6   UCB3BRW_L
000006a0   UCB3CTLW0
000006a1   UCB3CTLW0_H
000006a0   UCB3CTLW0_L
000006b0   UCB3I2COA
000006b1   UCB3I2COA_H
000006b0   UCB3I2COA_L
000006b2   UCB3I2CSA
000006b3   UCB3I2CSA_H
000006b2   UCB3I2CSA_L
000006bc   UCB3ICTL
000006bd   UCB3ICTL_H
000006bc   UCB3ICTL_L
000006be   UCB3IV
000006ac   UCB3RXBUF
000006aa   UCB3STAT
000006ae   UCB3TXBUF
00000160   UCSCTL0
00000161   UCSCTL0_H
00000160   UCSCTL0_L
00000162   UCSCTL1
00000163   UCSCTL1_H
00000162   UCSCTL1_L
00000164   UCSCTL2
00000165   UCSCTL2_H
00000164   UCSCTL2_L
00000166   UCSCTL3
00000167   UCSCTL3_H
00000166   UCSCTL3_L
00000168   UCSCTL4
00000169   UCSCTL4_H
00000168   UCSCTL4_L
0000016a   UCSCTL5
0000016b   UCSCTL5_H
0000016a   UCSCTL5_L
0000016c   UCSCTL6
0000016d   UCSCTL6_H
0000016c   UCSCTL6_L
0000016e   UCSCTL7
0000016f   UCSCTL7_H
0000016e   UCSCTL7_L
00000170   UCSCTL8
00000171   UCSCTL8_H
00000170   UCSCTL8_L
00005c00   USCI_A0_ISR
00005c3a   USCI_A3_ISR
0000015c   WDTCTL
0000015d   WDTCTL_H
0000015c   WDTCTL_L
0000b364   _Dclass
00001cb0   _Denorm
0000a0f0   _Dint
00009c60   _Dnorm
00009464   _Dscale
0000ac04   _Dtest
0000aa06   _Dunscale
00001cc0   _Eps
00001db0   _Errno
000077d4   _Exp
00001d30   _FDenorm
00001d40   _FEps
00001d50   _FInf
00001d60   _FNan
00001d80   _FRteps
00001d70   _FSnan
00001d90   _FXbig
00001d94   _FZero
00001da8   _Fenv
0000b14c   _Feraise
00001cd0   _Hugeval
00001ce0   _Inf
00006bba   _Log
00001cf0   _Nan
00001d10   _Rteps
00001d00   _Snan
00001dac   _Tls_setup__Fenv
00001d20   _Xbig
00001d28   _Zero
00005c00   __STACK_END
000000a0   __STACK_SIZE
00000140   __SYSMEM_SIZE
0000b74c   __TI_CINIT_Base
0000b75c   __TI_CINIT_Limit
0000b73a   __TI_Handler_Table_Base
0000b746   __TI_Handler_Table_Limit
UNDEFED    __TI_INITARRAY_Base
UNDEFED    __TI_INITARRAY_Limit
00000001   __TI_args_main
0000afbe   __TI_decompress_none
0000b47e   __TI_decompress_rle24
00000001   __TI_exit
0000b036   __TI_zero_init
ffffffff   __binit__
ffffffff   __c_args__
0000adca   __memcpy_far
00007e38   __mspabi_addd
00009908   __mspabi_cmpd
0000a992   __mspabi_cvtfd
00008870   __mspabi_divd
0000ae0a   __mspabi_divli
0000b3b4   __mspabi_divu
0000abac   __mspabi_divul
00007446   __mspabi_divull
0000b266   __mspabi_fixdi
0000a7a6   __mspabi_fixdli
0000b3f4   __mspabi_fixdu
0000a6a2   __mspabi_fixdul
0000b49a   __mspabi_fltid
0000a3ce   __mspabi_fltlid
0000862c   __mspabi_mpyd
0000b3ca   __mspabi_mpyi_f5hw
0000b302   __mspabi_mpyl_f5hw
0000ab54   __mspabi_mpyll_f5hw
0000b212   __mspabi_negd
0000b4bc   __mspabi_negf
0000ae0a   __mspabi_remli
0000b3b4   __mspabi_remu
0000abac   __mspabi_remul
0000b4c6   __mspabi_slli
0000b45e   __mspabi_slll
0000af7a   __mspabi_slll_1
0000af56   __mspabi_slll_10
0000af52   __mspabi_slll_11
0000af4e   __mspabi_slll_12
0000af4a   __mspabi_slll_13
0000af46   __mspabi_slll_14
0000af42   __mspabi_slll_15
0000af76   __mspabi_slll_2
0000af72   __mspabi_slll_3
0000af6e   __mspabi_slll_4
0000af6a   __mspabi_slll_5
0000af66   __mspabi_slll_6
0000af62   __mspabi_slll_7
0000af5e   __mspabi_slll_8
0000af5a   __mspabi_slll_9
0000ae4a   __mspabi_sllll
0000b44e   __mspabi_sral
0000af3c   __mspabi_sral_1
0000af18   __mspabi_sral_10
0000af14   __mspabi_sral_11
0000af10   __mspabi_sral_12
0000af0c   __mspabi_sral_13
0000af08   __mspabi_sral_14
0000af04   __mspabi_sral_15
0000af38   __mspabi_sral_2
0000af34   __mspabi_sral_3
0000af30   __mspabi_sral_4
0000af2c   __mspabi_sral_5
0000af28   __mspabi_sral_6
0000af24   __mspabi_sral_7
0000af20   __mspabi_sral_8
0000af1c   __mspabi_sral_9
0000b4d0   __mspabi_srli
0000b46e   __mspabi_srll
0000afb8   __mspabi_srll_1
0000af94   __mspabi_srll_10
0000af90   __mspabi_srll_11
0000af8c   __mspabi_srll_12
0000af88   __mspabi_srll_13
0000af84   __mspabi_srll_14
0000af80   __mspabi_srll_15
0000afb4   __mspabi_srll_2
0000afb0   __mspabi_srll_3
0000afac   __mspabi_srll_4
0000afa8   __mspabi_srll_5
0000afa4   __mspabi_srll_6
0000afa0   __mspabi_srll_7
0000af9c   __mspabi_srll_8
0000af98   __mspabi_srll_9
0000ae88   __mspabi_srlll
0000b17e   __mspabi_subd
0000aa78   _auto_init
00005c5c   _c_int00
00005c5c   _c_int00_noexit
0000b518   _ctypes_
000083cc   _frcaddd
00007002   _frcdivd
00007b5e   _frcmpyd
00001da0   _lock
0000b516   _nop
00009292   _printfi
0000a274   _renormd
0000fffe   _reset_vector
00005b60   _stack
00001db4   _sys_memory
0000b50e   _system_pre_init
00001da4   _unlock
0000b512   abort
0000b4b2   abs
0000ac5a   atoi
ffffffff   binit
0000b4e4   char2Int
0000b380   cleanUart
00002002   cmdPos
00001d9e   cmdPos3
00002004   cmdRdy
00002006   cmdTime
00001fe4   command
00001fc6   command3
0000a1b6   doOfflineTask
0000b1e2   feraiseexcept
0000b4fc   getA3ReceivedSize
0000aec6   getAnalogInput
0000acae   getDigitalInput
0000b502   getOfflineTask
0000b508   getOfflineTaskSize
0000b4ec   initUart
0000b48c   log
0000a826   ltoa
00005c80   main
0000a328   malloc
0000b28e   memccpy
0000b418   memcpy
0000b3e0   memset
0000b06e   minit
00001ef6   offlineArray
00001fc4   offlineCountLimit
00001fc2   offlineMode
00001fc0   offlinePin
00001fbe   offlinePort
00001d98   offlinePos
00001ef4   offlineSize
00001fc3   offlineUnits
00006522   pow
0000b1b0   raise
0000b346   rxA3
00001d9c   secondsElapsed
0000b2b6   sendString
0000a91c   setDigitalOutput
0000affa   setPWMDuty
0000b4da   setPWMPeriod
0000b324   setUart19200bauds
0000ad40   setupAnalogInput
0000a026   setupDigitalInput
0000aae6   setupDigitalOutput
0000a61c   setupOfflineTask
00008110   setupPWM
0000b42a   setupTimerA0
0000b23c   setupUart9600A3
0000b116   signal
0000b0a6   sprintf
0000b4f4   stopTimerA0
0000b43c   strlen
0000b0de   strncpy
0000b4a6   toupper
0000b2dc   txA3
00001d9a   unitsElapsed


GLOBAL SYMBOLS: SORTED BY Symbol Address 

address    name
--------   ----
00000001   __TI_args_main
00000001   __TI_exit
000000a0   __STACK_SIZE
00000100   SFRIE1
00000100   SFRIE1_L
00000101   SFRIE1_H
00000102   SFRIFG1
00000102   SFRIFG1_L
00000103   SFRIFG1_H
00000104   SFRRPCR
00000104   SFRRPCR_L
00000105   SFRRPCR_H
00000120   PMMCTL0
00000120   PMMCTL0_L
00000121   PMMCTL0_H
00000122   PMMCTL1
00000122   PMMCTL1_L
00000123   PMMCTL1_H
00000124   SVSMHCTL
00000124   SVSMHCTL_L
00000125   SVSMHCTL_H
00000126   SVSMLCTL
00000126   SVSMLCTL_L
00000127   SVSMLCTL_H
00000128   SVSMIO
00000128   SVSMIO_L
00000129   SVSMIO_H
0000012c   PMMIFG
0000012c   PMMIFG_L
0000012d   PMMIFG_H
0000012e   PMMRIE
0000012e   PMMRIE_L
0000012f   PMMRIE_H
00000130   PM5CTL0
00000130   PM5CTL0_L
00000131   PM5CTL0_H
00000140   FCTL1
00000140   FCTL1_L
00000140   __SYSMEM_SIZE
00000141   FCTL1_H
00000144   FCTL3
00000144   FCTL3_L
00000145   FCTL3_H
00000146   FCTL4
00000146   FCTL4_L
00000147   FCTL4_H
00000150   CRCDI
00000150   CRCDI_L
00000151   CRCDI_H
00000152   CRCDIRB
00000152   CRCDIRB_L
00000153   CRCDIRB_H
00000154   CRCINIRES
00000154   CRCINIRES_L
00000155   CRCINIRES_H
00000156   CRCRESR
00000156   CRCRESR_L
00000157   CRCRESR_H
00000158   RCCTL0
00000158   RCCTL0_L
00000159   RCCTL0_H
0000015c   WDTCTL
0000015c   WDTCTL_L
0000015d   WDTCTL_H
00000160   UCSCTL0
00000160   UCSCTL0_L
00000161   UCSCTL0_H
00000162   UCSCTL1
00000162   UCSCTL1_L
00000163   UCSCTL1_H
00000164   UCSCTL2
00000164   UCSCTL2_L
00000165   UCSCTL2_H
00000166   UCSCTL3
00000166   UCSCTL3_L
00000167   UCSCTL3_H
00000168   UCSCTL4
00000168   UCSCTL4_L
00000169   UCSCTL4_H
0000016a   UCSCTL5
0000016a   UCSCTL5_L
0000016b   UCSCTL5_H
0000016c   UCSCTL6
0000016c   UCSCTL6_L
0000016d   UCSCTL6_H
0000016e   UCSCTL7
0000016e   UCSCTL7_L
0000016f   UCSCTL7_H
00000170   UCSCTL8
00000170   UCSCTL8_L
00000171   UCSCTL8_H
00000180   SYSCTL
00000180   SYSCTL_L
00000181   SYSCTL_H
00000182   SYSBSLC
00000182   SYSBSLC_L
00000183   SYSBSLC_H
00000186   SYSJMBC
00000186   SYSJMBC_L
00000187   SYSJMBC_H
00000188   SYSJMBI0
00000188   SYSJMBI0_L
00000189   SYSJMBI0_H
0000018a   SYSJMBI1
0000018a   SYSJMBI1_L
0000018b   SYSJMBI1_H
0000018c   SYSJMBO0
0000018c   SYSJMBO0_L
0000018d   SYSJMBO0_H
0000018e   SYSJMBO1
0000018e   SYSJMBO1_L
0000018f   SYSJMBO1_H
00000198   SYSBERRIV
00000198   SYSBERRIV_L
00000199   SYSBERRIV_H
0000019a   SYSUNIV
0000019a   SYSUNIV_L
0000019b   SYSUNIV_H
0000019c   SYSSNIV
0000019c   SYSSNIV_L
0000019d   SYSSNIV_H
0000019e   SYSRSTIV
0000019e   SYSRSTIV_L
0000019f   SYSRSTIV_H
000001b0   REFCTL0
000001b0   REFCTL0_L
000001b1   REFCTL0_H
00000200   PAIN
00000200   PAIN_L
00000201   PAIN_H
00000202   PAOUT
00000202   PAOUT_L
00000203   PAOUT_H
00000204   PADIR
00000204   PADIR_L
00000205   PADIR_H
00000206   PAREN
00000206   PAREN_L
00000207   PAREN_H
00000208   PADS
00000208   PADS_L
00000209   PADS_H
0000020a   PASEL
0000020a   PASEL_L
0000020b   PASEL_H
0000020e   P1IV
00000218   PAIES
00000218   PAIES_L
00000219   PAIES_H
0000021a   PAIE
0000021a   PAIE_L
0000021b   PAIE_H
0000021c   PAIFG
0000021c   PAIFG_L
0000021d   PAIFG_H
0000021e   P2IV
00000220   PBIN
00000220   PBIN_L
00000221   PBIN_H
00000222   PBOUT
00000222   PBOUT_L
00000223   PBOUT_H
00000224   PBDIR
00000224   PBDIR_L
00000225   PBDIR_H
00000226   PBREN
00000226   PBREN_L
00000227   PBREN_H
00000228   PBDS
00000228   PBDS_L
00000229   PBDS_H
0000022a   PBSEL
0000022a   PBSEL_L
0000022b   PBSEL_H
00000240   PCIN
00000240   PCIN_L
00000241   PCIN_H
00000242   PCOUT
00000242   PCOUT_L
00000243   PCOUT_H
00000244   PCDIR
00000244   PCDIR_L
00000245   PCDIR_H
00000246   PCREN
00000246   PCREN_L
00000247   PCREN_H
00000248   PCDS
00000248   PCDS_L
00000249   PCDS_H
0000024a   PCSEL
0000024a   PCSEL_L
0000024b   PCSEL_H
00000260   PDIN
00000260   PDIN_L
00000261   PDIN_H
00000262   PDOUT
00000262   PDOUT_L
00000263   PDOUT_H
00000264   PDDIR
00000264   PDDIR_L
00000265   PDDIR_H
00000266   PDREN
00000266   PDREN_L
00000267   PDREN_H
00000268   PDDS
00000268   PDDS_L
00000269   PDDS_H
0000026a   PDSEL
0000026a   PDSEL_L
0000026b   PDSEL_H
00000280   PEIN
00000280   PEIN_L
00000281   PEIN_H
00000282   PEOUT
00000282   PEOUT_L
00000283   PEOUT_H
00000284   PEDIR
00000284   PEDIR_L
00000285   PEDIR_H
00000286   PEREN
00000286   PEREN_L
00000287   PEREN_H
00000288   PEDS
00000288   PEDS_L
00000289   PEDS_H
0000028a   PESEL
0000028a   PESEL_L
0000028b   PESEL_H
000002a0   PFIN
000002a0   PFIN_L
000002a1   PFIN_H
000002a2   PFOUT
000002a2   PFOUT_L
000002a3   PFOUT_H
000002a4   PFDIR
000002a4   PFDIR_L
000002a5   PFDIR_H
000002a6   PFREN
000002a6   PFREN_L
000002a7   PFREN_H
000002a8   PFDS
000002a8   PFDS_L
000002a9   PFDS_H
000002aa   PFSEL
000002aa   PFSEL_L
000002ab   PFSEL_H
00000320   PJIN
00000320   PJIN_L
00000321   PJIN_H
00000322   PJOUT
00000322   PJOUT_L
00000323   PJOUT_H
00000324   PJDIR
00000324   PJDIR_L
00000325   PJDIR_H
00000326   PJREN
00000326   PJREN_L
00000327   PJREN_H
00000328   PJDS
00000328   PJDS_L
00000329   PJDS_H
00000340   TA0CTL
00000342   TA0CCTL0
00000344   TA0CCTL1
00000346   TA0CCTL2
00000348   TA0CCTL3
0000034a   TA0CCTL4
00000350   TA0R
00000352   TA0CCR0
00000354   TA0CCR1
00000356   TA0CCR2
00000358   TA0CCR3
0000035a   TA0CCR4
00000360   TA0EX0
0000036e   TA0IV
00000380   TA1CTL
00000382   TA1CCTL0
00000384   TA1CCTL1
00000386   TA1CCTL2
00000390   TA1R
00000392   TA1CCR0
00000394   TA1CCR1
00000396   TA1CCR2
000003a0   TA1EX0
000003ae   TA1IV
000003c0   TB0CTL
000003c2   TB0CCTL0
000003c4   TB0CCTL1
000003c6   TB0CCTL2
000003c8   TB0CCTL3
000003ca   TB0CCTL4
000003cc   TB0CCTL5
000003ce   TB0CCTL6
000003d0   TB0R
000003d2   TB0CCR0
000003d4   TB0CCR1
000003d6   TB0CCR2
000003d8   TB0CCR3
000003da   TB0CCR4
000003dc   TB0CCR5
000003de   TB0CCR6
000003e0   TB0EX0
000003ee   TB0IV
000004a0   RTCCTL01
000004a0   RTCCTL01_L
000004a1   RTCCTL01_H
000004a2   RTCCTL23
000004a2   RTCCTL23_L
000004a3   RTCCTL23_H
000004a8   RTCPS0CTL
000004a8   RTCPS0CTL_L
000004a9   RTCPS0CTL_H
000004aa   RTCPS1CTL
000004aa   RTCPS1CTL_L
000004ab   RTCPS1CTL_H
000004ac   RTCPS
000004ac   RTCPS_L
000004ad   RTCPS_H
000004ae   RTCIV
000004b0   RTCTIM0
000004b0   RTCTIM0_L
000004b1   RTCTIM0_H
000004b2   RTCTIM1
000004b2   RTCTIM1_L
000004b3   RTCTIM1_H
000004b4   RTCDATE
000004b4   RTCDATE_L
000004b5   RTCDATE_H
000004b6   RTCYEAR
000004b6   RTCYEAR_L
000004b7   RTCYEAR_H
000004b8   RTCAMINHR
000004b8   RTCAMINHR_L
000004b9   RTCAMINHR_H
000004ba   RTCADOWDAY
000004ba   RTCADOWDAY_L
000004bb   RTCADOWDAY_H
000004c0   MPY
000004c0   MPY_L
000004c1   MPY_H
000004c2   MPYS
000004c2   MPYS_L
000004c3   MPYS_H
000004c4   MAC
000004c4   MAC_L
000004c5   MAC_H
000004c6   MACS
000004c6   MACS_L
000004c7   MACS_H
000004c8   OP2
000004c8   OP2_L
000004c9   OP2_H
000004ca   RESLO
000004ca   RESLO_L
000004cb   RESLO_H
000004cc   RESHI
000004cc   RESHI_L
000004cd   RESHI_H
000004ce   SUMEXT
000004ce   SUMEXT_L
000004cf   SUMEXT_H
000004d0   MPY32L
000004d0   MPY32L_L
000004d1   MPY32L_H
000004d2   MPY32H
000004d2   MPY32H_L
000004d3   MPY32H_H
000004d4   MPYS32L
000004d4   MPYS32L_L
000004d5   MPYS32L_H
000004d6   MPYS32H
000004d6   MPYS32H_L
000004d7   MPYS32H_H
000004d8   MAC32L
000004d8   MAC32L_L
000004d9   MAC32L_H
000004da   MAC32H
000004da   MAC32H_L
000004db   MAC32H_H
000004dc   MACS32L
000004dc   MACS32L_L
000004dd   MACS32L_H
000004de   MACS32H
000004de   MACS32H_L
000004df   MACS32H_H
000004e0   OP2L
000004e0   OP2L_L
000004e1   OP2L_H
000004e2   OP2H
000004e2   OP2H_L
000004e3   OP2H_H
000004e4   RES0
000004e4   RES0_L
000004e5   RES0_H
000004e6   RES1
000004e6   RES1_L
000004e7   RES1_H
000004e8   RES2
000004e8   RES2_L
000004e9   RES2_H
000004ea   RES3
000004ea   RES3_L
000004eb   RES3_H
000004ec   MPY32CTL0
000004ec   MPY32CTL0_L
000004ed   MPY32CTL0_H
00000500   DMACTL0
00000500   DMACTL0_L
00000501   DMACTL0_H
00000502   DMACTL1
00000502   DMACTL1_L
00000503   DMACTL1_H
00000504   DMACTL2
00000504   DMACTL2_L
00000505   DMACTL2_H
00000506   DMACTL3
00000506   DMACTL3_L
00000507   DMACTL3_H
00000508   DMACTL4
00000508   DMACTL4_L
00000509   DMACTL4_H
0000050e   DMAIV
0000050e   DMAIV_L
0000050f   DMAIV_H
00000510   DMA0CTL
00000510   DMA0CTL_L
00000511   DMA0CTL_H
00000512   DMA0SA
00000512   DMA0SAL
00000516   DMA0DA
00000516   DMA0DAL
0000051a   DMA0SZ
00000520   DMA1CTL
00000520   DMA1CTL_L
00000521   DMA1CTL_H
00000522   DMA1SA
00000522   DMA1SAL
00000526   DMA1DA
00000526   DMA1DAL
0000052a   DMA1SZ
00000530   DMA2CTL
00000530   DMA2CTL_L
00000531   DMA2CTL_H
00000532   DMA2SA
00000532   DMA2SAL
00000536   DMA2DA
00000536   DMA2DAL
0000053a   DMA2SZ
000005c0   UCA0CTLW0
000005c0   UCA0CTLW0_L
000005c1   UCA0CTLW0_H
000005c6   UCA0BRW
000005c6   UCA0BRW_L
000005c7   UCA0BRW_H
000005c8   UCA0MCTL
000005ca   UCA0STAT
000005cc   UCA0RXBUF
000005ce   UCA0TXBUF
000005d0   UCA0ABCTL
000005d2   UCA0IRCTL
000005d2   UCA0IRCTL_L
000005d3   UCA0IRCTL_H
000005dc   UCA0ICTL
000005dc   UCA0ICTL_L
000005dd   UCA0ICTL_H
000005de   UCA0IV
000005e0   UCB0CTLW0
000005e0   UCB0CTLW0_L
000005e1   UCB0CTLW0_H
000005e6   UCB0BRW
000005e6   UCB0BRW_L
000005e7   UCB0BRW_H
000005ea   UCB0STAT
000005ec   UCB0RXBUF
000005ee   UCB0TXBUF
000005f0   UCB0I2COA
000005f0   UCB0I2COA_L
000005f1   UCB0I2COA_H
000005f2   UCB0I2CSA
000005f2   UCB0I2CSA_L
000005f3   UCB0I2CSA_H
000005fc   UCB0ICTL
000005fc   UCB0ICTL_L
000005fd   UCB0ICTL_H
000005fe   UCB0IV
00000600   UCA1CTLW0
00000600   UCA1CTLW0_L
00000601   UCA1CTLW0_H
00000606   UCA1BRW
00000606   UCA1BRW_L
00000607   UCA1BRW_H
00000608   UCA1MCTL
0000060a   UCA1STAT
0000060c   UCA1RXBUF
0000060e   UCA1TXBUF
00000610   UCA1ABCTL
00000612   UCA1IRCTL
00000612   UCA1IRCTL_L
00000613   UCA1IRCTL_H
0000061c   UCA1ICTL
0000061c   UCA1ICTL_L
0000061d   UCA1ICTL_H
0000061e   UCA1IV
00000620   UCB1CTLW0
00000620   UCB1CTLW0_L
00000621   UCB1CTLW0_H
00000626   UCB1BRW
00000626   UCB1BRW_L
00000627   UCB1BRW_H
0000062a   UCB1STAT
0000062c   UCB1RXBUF
0000062e   UCB1TXBUF
00000630   UCB1I2COA
00000630   UCB1I2COA_L
00000631   UCB1I2COA_H
00000632   UCB1I2CSA
00000632   UCB1I2CSA_L
00000633   UCB1I2CSA_H
0000063c   UCB1ICTL
0000063c   UCB1ICTL_L
0000063d   UCB1ICTL_H
0000063e   UCB1IV
00000640   UCA2CTLW0
00000640   UCA2CTLW0_L
00000641   UCA2CTLW0_H
00000646   UCA2BRW
00000646   UCA2BRW_L
00000647   UCA2BRW_H
00000648   UCA2MCTL
0000064a   UCA2STAT
0000064c   UCA2RXBUF
0000064e   UCA2TXBUF
00000650   UCA2ABCTL
00000652   UCA2IRCTL
00000652   UCA2IRCTL_L
00000653   UCA2IRCTL_H
0000065c   UCA2ICTL
0000065c   UCA2ICTL_L
0000065d   UCA2ICTL_H
0000065e   UCA2IV
00000660   UCB2CTLW0
00000660   UCB2CTLW0_L
00000661   UCB2CTLW0_H
00000666   UCB2BRW
00000666   UCB2BRW_L
00000667   UCB2BRW_H
0000066a   UCB2STAT
0000066c   UCB2RXBUF
0000066e   UCB2TXBUF
00000670   UCB2I2COA
00000670   UCB2I2COA_L
00000671   UCB2I2COA_H
00000672   UCB2I2CSA
00000672   UCB2I2CSA_L
00000673   UCB2I2CSA_H
0000067c   UCB2ICTL
0000067c   UCB2ICTL_L
0000067d   UCB2ICTL_H
0000067e   UCB2IV
00000680   UCA3CTLW0
00000680   UCA3CTLW0_L
00000681   UCA3CTLW0_H
00000686   UCA3BRW
00000686   UCA3BRW_L
00000687   UCA3BRW_H
00000688   UCA3MCTL
0000068a   UCA3STAT
0000068c   UCA3RXBUF
0000068e   UCA3TXBUF
00000690   UCA3ABCTL
00000692   UCA3IRCTL
00000692   UCA3IRCTL_L
00000693   UCA3IRCTL_H
0000069c   UCA3ICTL
0000069c   UCA3ICTL_L
0000069d   UCA3ICTL_H
0000069e   UCA3IV
000006a0   UCB3CTLW0
000006a0   UCB3CTLW0_L
000006a1   UCB3CTLW0_H
000006a6   UCB3BRW
000006a6   UCB3BRW_L
000006a7   UCB3BRW_H
000006aa   UCB3STAT
000006ac   UCB3RXBUF
000006ae   UCB3TXBUF
000006b0   UCB3I2COA
000006b0   UCB3I2COA_L
000006b1   UCB3I2COA_H
000006b2   UCB3I2CSA
000006b2   UCB3I2CSA_L
000006b3   UCB3I2CSA_H
000006bc   UCB3ICTL
000006bc   UCB3ICTL_L
000006bd   UCB3ICTL_H
000006be   UCB3IV
00000700   ADC12CTL0
00000700   ADC12CTL0_L
00000701   ADC12CTL0_H
00000702   ADC12CTL1
00000702   ADC12CTL1_L
00000703   ADC12CTL1_H
00000704   ADC12CTL2
00000704   ADC12CTL2_L
00000705   ADC12CTL2_H
0000070a   ADC12IFG
0000070a   ADC12IFG_L
0000070b   ADC12IFG_H
0000070c   ADC12IE
0000070c   ADC12IE_L
0000070d   ADC12IE_H
0000070e   ADC12IV
0000070e   ADC12IV_L
0000070f   ADC12IV_H
00000710   ADC12MCTL0
00000711   ADC12MCTL1
00000712   ADC12MCTL2
00000713   ADC12MCTL3
00000714   ADC12MCTL4
00000715   ADC12MCTL5
00000716   ADC12MCTL6
00000717   ADC12MCTL7
00000718   ADC12MCTL8
00000719   ADC12MCTL9
0000071a   ADC12MCTL10
0000071b   ADC12MCTL11
0000071c   ADC12MCTL12
0000071d   ADC12MCTL13
0000071e   ADC12MCTL14
0000071f   ADC12MCTL15
00000720   ADC12MEM0
00000720   ADC12MEM0_L
00000721   ADC12MEM0_H
00000722   ADC12MEM1
00000722   ADC12MEM1_L
00000723   ADC12MEM1_H
00000724   ADC12MEM2
00000724   ADC12MEM2_L
00000725   ADC12MEM2_H
00000726   ADC12MEM3
00000726   ADC12MEM3_L
00000727   ADC12MEM3_H
00000728   ADC12MEM4
00000728   ADC12MEM4_L
00000729   ADC12MEM4_H
0000072a   ADC12MEM5
0000072a   ADC12MEM5_L
0000072b   ADC12MEM5_H
0000072c   ADC12MEM6
0000072c   ADC12MEM6_L
0000072d   ADC12MEM6_H
0000072e   ADC12MEM7
0000072e   ADC12MEM7_L
0000072f   ADC12MEM7_H
00000730   ADC12MEM8
00000730   ADC12MEM8_L
00000731   ADC12MEM8_H
00000732   ADC12MEM9
00000732   ADC12MEM9_L
00000733   ADC12MEM9_H
00000734   ADC12MEM10
00000734   ADC12MEM10_L
00000735   ADC12MEM10_H
00000736   ADC12MEM11
00000736   ADC12MEM11_L
00000737   ADC12MEM11_H
00000738   ADC12MEM12
00000738   ADC12MEM12_L
00000739   ADC12MEM12_H
0000073a   ADC12MEM13
0000073a   ADC12MEM13_L
0000073b   ADC12MEM13_H
0000073c   ADC12MEM14
0000073c   ADC12MEM14_L
0000073d   ADC12MEM14_H
0000073e   ADC12MEM15
0000073e   ADC12MEM15_L
0000073f   ADC12MEM15_H
00001cb0   _Denorm
00001cc0   _Eps
00001cd0   _Hugeval
00001ce0   _Inf
00001cf0   _Nan
00001d00   _Snan
00001d10   _Rteps
00001d20   _Xbig
00001d28   _Zero
00001d30   _FDenorm
00001d40   _FEps
00001d50   _FInf
00001d60   _FNan
00001d70   _FSnan
00001d80   _FRteps
00001d90   _FXbig
00001d94   _FZero
00001d98   offlinePos
00001d9a   unitsElapsed
00001d9c   secondsElapsed
00001d9e   cmdPos3
00001da0   _lock
00001da4   _unlock
00001da8   _Fenv
00001dac   _Tls_setup__Fenv
00001db0   _Errno
00001db4   _sys_memory
00001ef4   offlineSize
00001ef6   offlineArray
00001fbe   offlinePort
00001fc0   offlinePin
00001fc2   offlineMode
00001fc3   offlineUnits
00001fc4   offlineCountLimit
00001fc6   command3
00001fe4   command
00002002   cmdPos
00002004   cmdRdy
00002006   cmdTime
00005b60   _stack
00005c00   USCI_A0_ISR
00005c00   __STACK_END
00005c3a   USCI_A3_ISR
00005c5c   _c_int00
00005c5c   _c_int00_noexit
00005c76   Timer0_A0
00005c80   main
00006522   pow
00006bba   _Log
00007002   _frcdivd
00007446   __mspabi_divull
000077d4   _Exp
00007b5e   _frcmpyd
00007e38   __mspabi_addd
00008110   setupPWM
000083cc   _frcaddd
0000862c   __mspabi_mpyd
00008870   __mspabi_divd
00009292   _printfi
00009464   _Dscale
00009908   __mspabi_cmpd
00009c60   _Dnorm
0000a026   setupDigitalInput
0000a0f0   _Dint
0000a1b6   doOfflineTask
0000a274   _renormd
0000a328   malloc
0000a3ce   __mspabi_fltlid
0000a61c   setupOfflineTask
0000a6a2   __mspabi_fixdul
0000a7a6   __mspabi_fixdli
0000a826   ltoa
0000a91c   setDigitalOutput
0000a992   __mspabi_cvtfd
0000aa06   _Dunscale
0000aa78   _auto_init
0000aae6   setupDigitalOutput
0000ab54   __mspabi_mpyll_f5hw
0000abac   __mspabi_divul
0000abac   __mspabi_remul
0000ac04   _Dtest
0000ac5a   atoi
0000acae   getDigitalInput
0000ad40   setupAnalogInput
0000adca   __memcpy_far
0000ae0a   __mspabi_divli
0000ae0a   __mspabi_remli
0000ae4a   __mspabi_sllll
0000ae88   __mspabi_srlll
0000aec6   getAnalogInput
0000af04   __mspabi_sral_15
0000af08   __mspabi_sral_14
0000af0c   __mspabi_sral_13
0000af10   __mspabi_sral_12
0000af14   __mspabi_sral_11
0000af18   __mspabi_sral_10
0000af1c   __mspabi_sral_9
0000af20   __mspabi_sral_8
0000af24   __mspabi_sral_7
0000af28   __mspabi_sral_6
0000af2c   __mspabi_sral_5
0000af30   __mspabi_sral_4
0000af34   __mspabi_sral_3
0000af38   __mspabi_sral_2
0000af3c   __mspabi_sral_1
0000af42   __mspabi_slll_15
0000af46   __mspabi_slll_14
0000af4a   __mspabi_slll_13
0000af4e   __mspabi_slll_12
0000af52   __mspabi_slll_11
0000af56   __mspabi_slll_10
0000af5a   __mspabi_slll_9
0000af5e   __mspabi_slll_8
0000af62   __mspabi_slll_7
0000af66   __mspabi_slll_6
0000af6a   __mspabi_slll_5
0000af6e   __mspabi_slll_4
0000af72   __mspabi_slll_3
0000af76   __mspabi_slll_2
0000af7a   __mspabi_slll_1
0000af80   __mspabi_srll_15
0000af84   __mspabi_srll_14
0000af88   __mspabi_srll_13
0000af8c   __mspabi_srll_12
0000af90   __mspabi_srll_11
0000af94   __mspabi_srll_10
0000af98   __mspabi_srll_9
0000af9c   __mspabi_srll_8
0000afa0   __mspabi_srll_7
0000afa4   __mspabi_srll_6
0000afa8   __mspabi_srll_5
0000afac   __mspabi_srll_4
0000afb0   __mspabi_srll_3
0000afb4   __mspabi_srll_2
0000afb8   __mspabi_srll_1
0000afbe   __TI_decompress_none
0000affa   setPWMDuty
0000b036   __TI_zero_init
0000b06e   minit
0000b0a6   sprintf
0000b0de   strncpy
0000b116   signal
0000b14c   _Feraise
0000b17e   __mspabi_subd
0000b1b0   raise
0000b1e2   feraiseexcept
0000b212   __mspabi_negd
0000b23c   setupUart9600A3
0000b266   __mspabi_fixdi
0000b28e   memccpy
0000b2b6   sendString
0000b2dc   txA3
0000b302   __mspabi_mpyl_f5hw
0000b324   setUart19200bauds
0000b346   rxA3
0000b364   _Dclass
0000b380   cleanUart
0000b3b4   __mspabi_divu
0000b3b4   __mspabi_remu
0000b3ca   __mspabi_mpyi_f5hw
0000b3e0   memset
0000b3f4   __mspabi_fixdu
0000b418   memcpy
0000b42a   setupTimerA0
0000b43c   strlen
0000b44e   __mspabi_sral
0000b45e   __mspabi_slll
0000b46e   __mspabi_srll
0000b47e   __TI_decompress_rle24
0000b48c   log
0000b49a   __mspabi_fltid
0000b4a6   toupper
0000b4b2   abs
0000b4bc   __mspabi_negf
0000b4c6   __mspabi_slli
0000b4d0   __mspabi_srli
0000b4da   setPWMPeriod
0000b4e4   char2Int
0000b4ec   initUart
0000b4f4   stopTimerA0
0000b4fc   getA3ReceivedSize
0000b502   getOfflineTask
0000b508   getOfflineTaskSize
0000b50e   _system_pre_init
0000b512   C$$EXIT
0000b512   abort
0000b516   _nop
0000b518   _ctypes_
0000b73a   __TI_Handler_Table_Base
0000b746   __TI_Handler_Table_Limit
0000b74c   __TI_CINIT_Base
0000b75c   __TI_CINIT_Limit
0000fffe   _reset_vector
ffffffff   __binit__
ffffffff   __c_args__
ffffffff   binit
UNDEFED    __TI_INITARRAY_Base
UNDEFED    __TI_INITARRAY_Limit

[876 symbols]
